≡ƒº¬ Starting Performance Test on port 3010...
[MessageSigner] Generated Ed25519 key pair (fingerprint: a36fcedb73684dbb)
[MessageSigner] Initialized for node node-test (enabled: true)
[RateLimiter] Initialized (enabled: true, 10 msg/s, 10240 bytes/s)
[ConsensusManager] Initialized

--- Testing Message Batching ---
[P2P] Signed NEW_TX (nonce: 05f9a3a3...)
[P2P] Signed NEW_TX (nonce: e424413e...)
[P2P] Signed NEW_TX (nonce: f9bc8484...)
[P2P] Signed NEW_TX (nonce: d95abb1f...)
[P2P] Signed NEW_TX (nonce: e1bea2d6...)
Sent 5 messages. Waiting for batch flush...
[P2P] Flushing batch of 5 messages
node : Γ¥î Batching failed: [
At line:1 char:1
+ node test-performance.js > test_output.txt 2>&1
+ ~~~~~~~~~~~~~~~~~~~~~~~~~~~~~~~~~~~~~~~~~~~~~~~
    + CategoryInfo          : NotSpecified: (Γ¥î 
    Batching failed: [:String) [], RemoteExcept  
  ion
    + FullyQualifiedErrorId : NativeCommandError
 
  {
    compressed: true,
    data: 'H4sIAAAAAAAACtXUSW/iSBQH8K/SqiswqcVbIe
XgjSUmLAFiSHdrVLarjBds4wUMUb57i4xG06PuGaFWX1LHd/i
/qvfTq1cQBaAPsjzgvZpXdQ+pClEplqiENNoLahELLsUQdEF9
LjjoA0NfmSPQBQU7pzkLQP/z639mEEWlvTomYQK1xPsnY2q7f
64234e8giNLGw768K0L8jIKo2yaB3z8r+BrQLTnVc32Beh/10
WDXbDLiwr0YRdkeeZfm0BZUEYYQb7QPFWlKpeQIq6FgDPIBOi
CimcBL39o8ld53nhp5Dv8DPqgdz2GPRxPP83XxmRsfnLs7Xvx
S/Zo5idjsbUc/HzSz7ZusHZLOyPfbMaqIp/wxvDSYbxYV4cD1
RebS9wovA6zSzQ43X/J3kPsqfVj7vUiUZixuimvzzFzvaWziT
1PfLIqRXg3ilaFOmiSDh/6xr65PGUePxj50snIYrTet6viMMP
pqb4MEoqOnXI4CfVZUd7NarvND5Y98KCu39+Dt+7/AWqo5xMe
5k3eopsA0S8Bop8AcglLEiJcKEqAmcxkVVCMGOSBglQeKB8Mc
DF9NiLijYep89L6uN0bK8doWsmVQrI9rC1GIj7ah48LTVa3jY
m0eL4LazTGGclM6fQgtphsJ+xQlxeYTE2JBXxnLW4BFGV7THa
pKm4CxL8NUFDP1yRN0jQucxUzpBKCAop5oASBkOkHA1Tmx83h
aSVQIV1cK50+nVTsTIWsHM+tcYaaa8HkAaN0WHSmrb/jOmncm
TXXFw/bcb3cb+JJHfuPEdzv7tYP2h47VaPo4S2Aml81Egrb6i
ZA8tsAAyozz0PC932NcgEhoj6mUFYpk2VPlT4YoGVeqou7Oa+
n0nzSQURYceN1gpdJ/egeKzaLl/ROJ45AZ5IG5dI40PP42EF6
lWj2eLS783W6kDfSQ40xusQzWmxCfssG4l6t+jLOcBneBCj9E
iD+2ReKPM5woGgeg57HZQ9y7vkM+1D1Ak2TPxjgKDO9QZOtVz
M2s/V1ZQ2a5mJdXJE/2oPVcbCZLLPds+hAN0xSM0nPi8JePg2
cMZmVp/mw4v5uG28gdTuH0HWiF55DX38H/HrrxAGGWO4h1MN4
BZU+Rn0i/YE0+gL+Hj96+wY//wG9VQkAAA=='
  }
]

--- Testing Compression ---
[P2P] Signed NEW_BLOCK (nonce: f537d783...)
Γ£à Compression working: Message received with compressed flag
   Compressed data length: 488
Test failed with error: TypeError: Cannot read 
properties of undefined (reading 'data')
    at Server.<anonymous> (file:///C:/JS/ns/neuro
swarm/test-performance.js:102:35)
    at process.processTicksAndRejections 
(node:internal/process/task_queues:105:5)
Cleaning up...
